10:15:50 **** Incremental Build of configuration Debug for project practica-3 ****
make -j8 all 
arm-none-eabi-gcc "../Src/main.c" -mcpu=cortex-m4 -std=gnu11 -g3 -DDEBUG -DSTM32 -DSTM32F429ZITx -DSTM32F4 -DNUCLEO_F429ZI -DUSE_HAL_DRIVER -DSTM32F429xx -c -I../Inc -I"/home/growcast/Documents/Especializacion-FIUBA/PdM_workspace/practica-3/Drivers/STM32F4xx_HAL_Driver/Inc" -I"/home/growcast/Documents/Especializacion-FIUBA/PdM_workspace/practica-3/Drivers/CMSIS/Include" -I"/home/growcast/Documents/Especializacion-FIUBA/PdM_workspace/practica-3/Drivers/CMSIS/Device/ST/STM32F4xx/Include" -I"/home/growcast/Documents/Especializacion-FIUBA/PdM_workspace/practica-3/Drivers/BSP/STM32F4xx_Nucleo_144" -I"/home/growcast/Documents/Especializacion-FIUBA/PdM_workspace/practica-3/Drivers/Core/Inc" -I"/home/growcast/Documents/Especializacion-FIUBA/PdM_workspace/practica-3/Drivers/API/inc" -O0 -ffunction-sections -fdata-sections -Wall -fstack-usage -fcyclomatic-complexity -MMD -MP -MF"Src/main.d" -MT"Src/main.o" --specs=nano.specs -mfpu=fpv4-sp-d16 -mfloat-abi=hard -mthumb -o "Src/main.o"
arm-none-eabi-gcc "../Drivers/STM32F4xx_HAL_Driver/Src/stm32f4xx_hal_msp.c" -mcpu=cortex-m4 -std=gnu11 -g3 -DDEBUG -DSTM32 -DSTM32F429ZITx -DSTM32F4 -DNUCLEO_F429ZI -DUSE_HAL_DRIVER -DSTM32F429xx -c -I../Inc -I"/home/growcast/Documents/Especializacion-FIUBA/PdM_workspace/practica-3/Drivers/STM32F4xx_HAL_Driver/Inc" -I"/home/growcast/Documents/Especializacion-FIUBA/PdM_workspace/practica-3/Drivers/CMSIS/Include" -I"/home/growcast/Documents/Especializacion-FIUBA/PdM_workspace/practica-3/Drivers/CMSIS/Device/ST/STM32F4xx/Include" -I"/home/growcast/Documents/Especializacion-FIUBA/PdM_workspace/practica-3/Drivers/BSP/STM32F4xx_Nucleo_144" -I"/home/growcast/Documents/Especializacion-FIUBA/PdM_workspace/practica-3/Drivers/Core/Inc" -I"/home/growcast/Documents/Especializacion-FIUBA/PdM_workspace/practica-3/Drivers/API/inc" -O0 -ffunction-sections -fdata-sections -Wall -fstack-usage -fcyclomatic-complexity -MMD -MP -MF"Drivers/STM32F4xx_HAL_Driver/Src/stm32f4xx_hal_msp.d" -MT"Drivers/STM32F4xx_HAL_Driver/Src/stm32f4xx_hal_msp.o" --specs=nano.specs -mfpu=fpv4-sp-d16 -mfloat-abi=hard -mthumb -o "Drivers/STM32F4xx_HAL_Driver/Src/stm32f4xx_hal_msp.o"
arm-none-eabi-gcc "../Drivers/Core/Src/stm32f4xx_it.c" -mcpu=cortex-m4 -std=gnu11 -g3 -DDEBUG -DSTM32 -DSTM32F429ZITx -DSTM32F4 -DNUCLEO_F429ZI -DUSE_HAL_DRIVER -DSTM32F429xx -c -I../Inc -I"/home/growcast/Documents/Especializacion-FIUBA/PdM_workspace/practica-3/Drivers/STM32F4xx_HAL_Driver/Inc" -I"/home/growcast/Documents/Especializacion-FIUBA/PdM_workspace/practica-3/Drivers/CMSIS/Include" -I"/home/growcast/Documents/Especializacion-FIUBA/PdM_workspace/practica-3/Drivers/CMSIS/Device/ST/STM32F4xx/Include" -I"/home/growcast/Documents/Especializacion-FIUBA/PdM_workspace/practica-3/Drivers/BSP/STM32F4xx_Nucleo_144" -I"/home/growcast/Documents/Especializacion-FIUBA/PdM_workspace/practica-3/Drivers/Core/Inc" -I"/home/growcast/Documents/Especializacion-FIUBA/PdM_workspace/practica-3/Drivers/API/inc" -O0 -ffunction-sections -fdata-sections -Wall -fstack-usage -fcyclomatic-complexity -MMD -MP -MF"Drivers/Core/Src/stm32f4xx_it.d" -MT"Drivers/Core/Src/stm32f4xx_it.o" --specs=nano.specs -mfpu=fpv4-sp-d16 -mfloat-abi=hard -mthumb -o "Drivers/Core/Src/stm32f4xx_it.o"
arm-none-eabi-gcc "../Drivers/API/src/API_delay.c" -mcpu=cortex-m4 -std=gnu11 -g3 -DDEBUG -DSTM32 -DSTM32F429ZITx -DSTM32F4 -DNUCLEO_F429ZI -DUSE_HAL_DRIVER -DSTM32F429xx -c -I../Inc -I"/home/growcast/Documents/Especializacion-FIUBA/PdM_workspace/practica-3/Drivers/STM32F4xx_HAL_Driver/Inc" -I"/home/growcast/Documents/Especializacion-FIUBA/PdM_workspace/practica-3/Drivers/CMSIS/Include" -I"/home/growcast/Documents/Especializacion-FIUBA/PdM_workspace/practica-3/Drivers/CMSIS/Device/ST/STM32F4xx/Include" -I"/home/growcast/Documents/Especializacion-FIUBA/PdM_workspace/practica-3/Drivers/BSP/STM32F4xx_Nucleo_144" -I"/home/growcast/Documents/Especializacion-FIUBA/PdM_workspace/practica-3/Drivers/Core/Inc" -I"/home/growcast/Documents/Especializacion-FIUBA/PdM_workspace/practica-3/Drivers/API/inc" -O0 -ffunction-sections -fdata-sections -Wall -fstack-usage -fcyclomatic-complexity -MMD -MP -MF"Drivers/API/src/API_delay.d" -MT"Drivers/API/src/API_delay.o" --specs=nano.specs -mfpu=fpv4-sp-d16 -mfloat-abi=hard -mthumb -o "Drivers/API/src/API_delay.o"
arm-none-eabi-gcc -o "practica-3.elf" @"objects.list"   -mcpu=cortex-m4 -T"/home/growcast/Documents/Especializacion-FIUBA/PdM_workspace/practica-3/STM32F429ZITX_FLASH.ld" --specs=nosys.specs -Wl,-Map="practica-3.map" -Wl,--gc-sections -static --specs=nano.specs -mfpu=fpv4-sp-d16 -mfloat-abi=hard -mthumb -Wl,--start-group -lc -lm -Wl,--end-group
Finished building target: practica-3.elf
 
arm-none-eabi-size  practica-3.elf 
arm-none-eabi-objdump -h -S practica-3.elf  > "practica-3.list"
   text	   data	    bss	    dec	    hex	filename
   6760	     32	   1568	   8360	   20a8	practica-3.elf
Finished building: default.size.stdout
 
Finished building: practica-3.list
 
