21:39:32 **** Incremental Build of configuration Debug for project practica-5 ****
make -j8 all 
arm-none-eabi-gcc "../Src/main.c" -mcpu=cortex-m4 -std=gnu11 -g3 -DDEBUG -DSTM32 -DSTM32F429ZITx -DSTM32F4 -DNUCLEO_F429ZI -DUSE_HAL_DRIVER -DSTM32F429xx -c -I../Inc -I"/home/growcast/Documents/Especializacion-FIUBA/PdM_workspace/practica-5/Drivers/STM32F4xx_HAL_Driver/Inc" -I"/home/growcast/Documents/Especializacion-FIUBA/PdM_workspace/practica-5/Drivers/CMSIS/Include" -I"/home/growcast/Documents/Especializacion-FIUBA/PdM_workspace/practica-5/Drivers/CMSIS/Device/ST/STM32F4xx/Include" -I"/home/growcast/Documents/Especializacion-FIUBA/PdM_workspace/practica-5/Drivers/BSP/STM32F4xx_Nucleo_144" -I"/home/growcast/Documents/Especializacion-FIUBA/PdM_workspace/practica-5/Drivers/Core/Inc" -I"/home/growcast/Documents/Especializacion-FIUBA/PdM_workspace/practica-5/Drivers/API/inc" -O0 -ffunction-sections -fdata-sections -Wall -fstack-usage -fcyclomatic-complexity -MMD -MP -MF"Src/main.d" -MT"Src/main.o" --specs=nano.specs -mfpu=fpv4-sp-d16 -mfloat-abi=hard -mthumb -o "Src/main.o"
arm-none-eabi-gcc -o "practica-5.elf" @"objects.list"   -mcpu=cortex-m4 -T"/home/growcast/Documents/Especializacion-FIUBA/PdM_workspace/practica-5/STM32F429ZITX_FLASH.ld" --specs=nosys.specs -Wl,-Map="practica-5.map" -Wl,--gc-sections -static --specs=nano.specs -mfpu=fpv4-sp-d16 -mfloat-abi=hard -mthumb -Wl,--start-group -lc -lm -Wl,--end-group
Finished building target: practica-5.elf
 
arm-none-eabi-size  practica-5.elf 
arm-none-eabi-objdump -h -S practica-5.elf  > "practica-5.list"
   text	   data	    bss	    dec	    hex	filename
  12972	    116	   1988	  15076	   3ae4	practica-5.elf
Finished building: default.size.stdout
 
Finished building: practica-5.list
 

21:39:33 Build Finished. 0 errors, 0 warnings. (took 423ms)

