22:47:59 **** Incremental Build of configuration Debug for project practica-4-1 ****
make -j8 all 
arm-none-eabi-gcc "../Src/main.c" -mcpu=cortex-m4 -std=gnu11 -g3 -DDEBUG -DSTM32 -DSTM32F429ZITx -DSTM32F4 -DNUCLEO_F429ZI -DUSE_HAL_DRIVER -DSTM32F429xx -c -I../Inc -I"/home/growcast/Documents/Especializacion-FIUBA/PdM_workspace/practica-4-1/Drivers/STM32F4xx_HAL_Driver/Inc" -I"/home/growcast/Documents/Especializacion-FIUBA/PdM_workspace/practica-4-1/Drivers/CMSIS/Include" -I"/home/growcast/Documents/Especializacion-FIUBA/PdM_workspace/practica-4-1/Drivers/CMSIS/Device/ST/STM32F4xx/Include" -I"/home/growcast/Documents/Especializacion-FIUBA/PdM_workspace/practica-4-1/Drivers/BSP/STM32F4xx_Nucleo_144" -I"/home/growcast/Documents/Especializacion-FIUBA/PdM_workspace/practica-4-1/Drivers/Core/Inc" -I"/home/growcast/Documents/Especializacion-FIUBA/PdM_workspace/practica-4-1/Drivers/API/inc" -O0 -ffunction-sections -fdata-sections -Wall -fstack-usage -fcyclomatic-complexity -MMD -MP -MF"Src/main.d" -MT"Src/main.o" --specs=nano.specs -mfpu=fpv4-sp-d16 -mfloat-abi=hard -mthumb -o "Src/main.o"
arm-none-eabi-gcc -o "practica-4-1.elf" @"objects.list"   -mcpu=cortex-m4 -T"/home/growcast/Documents/Especializacion-FIUBA/PdM_workspace/practica-4-1/STM32F429ZITX_FLASH.ld" --specs=nosys.specs -Wl,-Map="practica-4-1.map" -Wl,--gc-sections -static --specs=nano.specs -mfpu=fpv4-sp-d16 -mfloat-abi=hard -mthumb -Wl,--start-group -lc -lm -Wl,--end-group
Finished building target: practica-4-1.elf
 
arm-none-eabi-size  practica-4-1.elf 
arm-none-eabi-objdump -h -S practica-4-1.elf  > "practica-4-1.list"
   text	   data	    bss	    dec	    hex	filename
   7000	     36	   1588	   8624	   21b0	practica-4-1.elf
Finished building: default.size.stdout
 
Finished building: practica-4-1.list
 

22:47:59 Build Finished. 0 errors, 0 warnings. (took 427ms)

